>>> add_integer = __import__('0-add_integer').add_integer

>>> add_integer(1, 2)
3

>>> add_integer(100, -2)
98

>>> add_integer(2)
100

>>> add_integer(100.3, -2)
98

>>> add_integer(4, "School")
Traceback (most recent call last):
TypeError: b must be an integer

>>> add_integer(None)
Traceback (most recent call last):
TypeError: a must be an integer

>>> add_integer(10.5, 2.5)
12

>>> add_integer(-5, -10)
-15

>>> add_integer(0, 0)
0

>>> add_integer(-1, 1)
0

>>> add_integer(999999, 1)
1000000

>>> add_integer(2.9999, 3.9999)
5

>>> add_integer("hello", "world")
Traceback (most recent call last):
TypeError: a must be an integer

>>> add_integer([1, 2, 3], 5)
Traceback (most recent call last):
TypeError: a must be an integer

>>> add_integer({'a': 1}, 5)
Traceback (most recent call last):
TypeError: a must be an integer

>>> add_integer(5, None)
Traceback (most recent call last):
TypeError: b must be an integer

>>> add_integer(5, [1, 2, 3])
Traceback (most recent call last):
TypeError: b must be an integer
